38
42
100
107
154
289
293
334
492
779
1102
1323
1324
1479
1539
1539
1727
1841
1843
1870
1943
2083
2191
2317
2383
2392
2440
2624
2649
2663
2758
2860
2930
2996
3036
3282
3549
3806
3812
3903
3932
4085
4371
4394
4465
4605
4627
4665
4772
4828
4967
5007
5142
5351
5437
5448
5538
5548
5668
5706
5725
5891
6119
6300
6309
6335
6501
6542
6730
6828
6869
6945
6963
7036
7377
7422
7447
7530
7645
7674
7712
8146
8254
8468
8704
8717
8724
8757
8943
9041
9170
9265
9359
9630
9719
9742
9895
9896
9913
9955
9962